// Jest Snapshot v1, https://goo.gl/fbAQLP

exports[`Nav Should match snapshot 1`] = `"<div class=\\"nav-wrapper\\"><div class=\\"header-row\\"><h1 class=\\"title-logo\\">SWAPI-Box</h1><span class=\\"fav-row\\"><button class=\\"FAVORITES\\" value=\\"FAVORITES\\">FAVORITES</button><div class=\\"fav-counter\\"></div></span></div><div class=\\"button-row\\"><button class=\\"People\\" value=\\"People\\">People</button><button class=\\"Vehicles\\" value=\\"Vehicles\\">Vehicles</button><button class=\\"Planets\\" value=\\"Planets\\">Planets</button></div></div>"`;
