// Jest Snapshot v1, https://goo.gl/fbAQLP

exports[`APP Should match snapshot 1`] = `"<div class=\\"App\\"><div class=\\"nav-wrapper\\"><div class=\\"header-row\\"><h1 class=\\"title-logo\\">SWAPI-Box</h1><span class=\\"fav-row\\"><button class=\\"undefined\\"></button><div class=\\"favorites\\">FAV PLACEHOLDER</div><div class=\\"fav-counter\\">0</div></span></div><div class=\\"button-row\\"><button class=\\"peopleBtn\\" value=\\"peopleBtn\\">peopleBtn</button><button class=\\"vehiclesBtn\\" value=\\"vehiclesBtn\\">vehiclesBtn</button><button class=\\"planetsBtn\\" value=\\"planetsBtn\\">planetsBtn</button></div></div><div class=\\"container-wrap\\"><div class=\\"card-container\\"><div class=\\"fade\\"></div><section class=\\"star-wars\\"><div class=\\"crawl\\"><div class=\\"title\\"><p>Episode </p><h1></h1></div><p></p></div></section></div></div></div>"`;

exports[`APP Should update state of crawlingText when playOpeningScrawl is invoked 1`] = `"<div class=\\"App\\"><div class=\\"nav-wrapper\\"><div class=\\"header-row\\"><h1 class=\\"title-logo\\">SWAPI-Box</h1><span class=\\"fav-row\\"><button class=\\"undefined\\"></button><div class=\\"favorites\\">FAV PLACEHOLDER</div><div class=\\"fav-counter\\">0</div></span></div><div class=\\"button-row\\"><button class=\\"peopleBtn\\" value=\\"peopleBtn\\">peopleBtn</button><button class=\\"vehiclesBtn\\" value=\\"vehiclesBtn\\">vehiclesBtn</button><button class=\\"planetsBtn\\" value=\\"planetsBtn\\">planetsBtn</button></div></div><div class=\\"container-wrap\\"><div class=\\"card-container\\"><div class=\\"fade\\"></div><section class=\\"star-wars\\"><div class=\\"crawl\\"><div class=\\"title\\"><p>Episode </p><h1></h1></div><p></p></div></section></div></div></div>"`;
